
 Start  Stop   Length Name               Class

 00000H 000DCH 000DDH CSYM               CODE
 000E0H 004BBH 003DCH USERINT            CODE
 004C0H 006B6H 001F7H GRINTUNIT          CODE
 006C0H 00E95H 007D6H SYMBOLS            CODE
 00EA0H 012CDH 0042EH PRINTUNIT          CODE
 012D0H 01580H 002B1H HELPUNIT           CODE
 01590H 02029H 00A9AH DMEMUNIT           CODE
 02030H 025E8H 005B9H IMENUUNIT          CODE
 025F0H 02F9BH 009ACH GRAPHMENU          CODE
 02FA0H 03693H 006F4H GRINOUT            CODE
 036A0H 03936H 00297H DISPMENU           CODE
 03940H 04207H 008C8H INITSC             CODE
 04210H 0428AH 0007BH DOS                CODE
 04290H 0467EH 003EFH GCURUNIT           CODE
 04680H 048B0H 00231H INOUT              CODE
 048C0H 04ED2H 00613H CRT                CODE
 04EE0H 04EE6H 00007H MENUTYP            CODE
 04EF0H 086AFH 037C0H GRAPH              CODE
 086B0H 098A1H 011F2H SYSTEM             CODE
 098B0H 11059H 077AAH DATA               DATA
 11060H 1505FH 04000H STACK              STACK
 15060H 15060H 00000H HEAP               HEAP

